MPLINK 4.49, Linker
Linker Map File - Created Sun Feb 23 14:57:46 2020

                                 Section Info
                  Section       Type    Address   Location Size(Bytes)
                ---------  ---------  ---------  ---------  ---------
                   .org_0       code   0x000000    program   0x000000
                   .org_1       code   0x000000    program   0x000038
      .config_2007_LAB1.O       code   0x002007    program   0x000002
      .config_2008_LAB1.O       code   0x002008    program   0x000002



                              Program Memory Usage 
                               Start         End      
                           ---------   ---------      
                            0x000000    0x00001b      
                            0x002007    0x002008      
            30 out of 8455 program addresses used, program memory utilization is 0%



                              Symbols - Sorted by Name
                     Name    Address   Location    Storage File                     
                ---------  ---------  ---------  --------- ---------                
              CONFIG_PTOS   0x000003    program     static C:\Users\Valenzuela\Documents\Sistemas_Digitales\Lab1.asm
                     main   0x00000d    program     static C:\Users\Valenzuela\Documents\Sistemas_Digitales\Lab1.asm



                              Symbols - Sorted by Address
                     Name    Address   Location    Storage File                     
                ---------  ---------  ---------  --------- ---------                
              CONFIG_PTOS   0x000003    program     static C:\Users\Valenzuela\Documents\Sistemas_Digitales\Lab1.asm
                     main   0x00000d    program     static C:\Users\Valenzuela\Documents\Sistemas_Digitales\Lab1.asm


