MPLINK 4.49, Linker
Linker Map File - Created Wed Mar 04 18:24:40 2020

                                 Section Info
                  Section       Type    Address   Location Size(Bytes)
                ---------  ---------  ---------  ---------  ---------
                   .org_0       code   0x000000    program   0x000000
                   .org_1       code   0x000000    program   0x000004
                   .org_2       code   0x000004    program   0x000032
     .config_2007_LAB02.O       code   0x002007    program   0x000002
     .config_2008_LAB02.O       code   0x002008    program   0x000002



                              Program Memory Usage 
                               Start         End      
                           ---------   ---------      
                            0x000000    0x000001      
                            0x000004    0x00001c      
                            0x002007    0x002008      
            29 out of 8455 program addresses used, program memory utilization is 0%



                              Symbols - Sorted by Name
                     Name    Address   Location    Storage File                     
                ---------  ---------  ---------  --------- ---------                
              CONFIG_PTOS   0x000004    program     static C:\Users\Valenzuela\Documents\Sistemas_Digitales\Lab02\lab02.asm
                     main   0x000010    program     static C:\Users\Valenzuela\Documents\Sistemas_Digitales\Lab02\lab02.asm



                              Symbols - Sorted by Address
                     Name    Address   Location    Storage File                     
                ---------  ---------  ---------  --------- ---------                
              CONFIG_PTOS   0x000004    program     static C:\Users\Valenzuela\Documents\Sistemas_Digitales\Lab02\lab02.asm
                     main   0x000010    program     static C:\Users\Valenzuela\Documents\Sistemas_Digitales\Lab02\lab02.asm


