MPLINK 4.49, Linker
Linker Map File - Created Thu Jun 11 22:14:11 2020

                                 Section Info
                  Section       Type    Address   Location Size(Bytes)
                ---------  ---------  ---------  ---------  ---------
                   .org_0       code   0x000000    program   0x000002
                   .cinit    romdata   0x000001    program   0x000004
                   .org_1       code   0x000005    program   0x000110
     .config_2007_LAB09.O       code   0x002007    program   0x000002
     .config_2008_LAB09.O       code   0x002008    program   0x000002



                              Program Memory Usage 
                               Start         End      
                           ---------   ---------      
                            0x000000    0x000002      
                            0x000005    0x00008c      
                            0x002007    0x002008      
            141 out of 8455 program addresses used, program memory utilization is 1%



                              Symbols - Sorted by Name
                     Name    Address   Location    Storage File                     
                ---------  ---------  ---------  --------- ---------                
                    Conf1   0x00006a    program     static D:\Ivan\Documentos\Sistemas digitales\lab09\lab09.asm
                    Conf2   0x00007f    program     static D:\Ivan\Documentos\Sistemas digitales\lab09\lab09.asm
                    DELAY   0x000084    program     static D:\Ivan\Documentos\Sistemas digitales\lab09\lab09.asm
                    Envia   0x00007c    program     static D:\Ivan\Documentos\Sistemas digitales\lab09\lab09.asm
                   INICIO   0x00000c    program     static D:\Ivan\Documentos\Sistemas digitales\lab09\lab09.asm
              LCD_Comando   0x000076    program     static D:\Ivan\Documentos\Sistemas digitales\lab09\lab09.asm
                     Lazo   0x000086    program     static D:\Ivan\Documentos\Sistemas digitales\lab09\lab09.asm
                    Lazo2   0x000088    program     static D:\Ivan\Documentos\Sistemas digitales\lab09\lab09.asm
                     MAIN   0x000005    program     static D:\Ivan\Documentos\Sistemas digitales\lab09\lab09.asm
                 MENSAJE1   0x000011    program     static D:\Ivan\Documentos\Sistemas digitales\lab09\lab09.asm
                 MENSAJE2   0x000039    program     static D:\Ivan\Documentos\Sistemas digitales\lab09\lab09.asm



                              Symbols - Sorted by Address
                     Name    Address   Location    Storage File                     
                ---------  ---------  ---------  --------- ---------                
                     MAIN   0x000005    program     static D:\Ivan\Documentos\Sistemas digitales\lab09\lab09.asm
                   INICIO   0x00000c    program     static D:\Ivan\Documentos\Sistemas digitales\lab09\lab09.asm
                 MENSAJE1   0x000011    program     static D:\Ivan\Documentos\Sistemas digitales\lab09\lab09.asm
                 MENSAJE2   0x000039    program     static D:\Ivan\Documentos\Sistemas digitales\lab09\lab09.asm
                    Conf1   0x00006a    program     static D:\Ivan\Documentos\Sistemas digitales\lab09\lab09.asm
              LCD_Comando   0x000076    program     static D:\Ivan\Documentos\Sistemas digitales\lab09\lab09.asm
                    Envia   0x00007c    program     static D:\Ivan\Documentos\Sistemas digitales\lab09\lab09.asm
                    Conf2   0x00007f    program     static D:\Ivan\Documentos\Sistemas digitales\lab09\lab09.asm
                    DELAY   0x000084    program     static D:\Ivan\Documentos\Sistemas digitales\lab09\lab09.asm
                     Lazo   0x000086    program     static D:\Ivan\Documentos\Sistemas digitales\lab09\lab09.asm
                    Lazo2   0x000088    program     static D:\Ivan\Documentos\Sistemas digitales\lab09\lab09.asm


