MPLINK 4.49, Linker
Linker Map File - Created Sun Mar 15 22:40:57 2020

                                 Section Info
                  Section       Type    Address   Location Size(Bytes)
                ---------  ---------  ---------  ---------  ---------
                   .org_0       code   0x000000    program   0x000000
                   .org_1       code   0x000000    program   0x00016a
     .config_2007_LAB06.O       code   0x002007    program   0x000002
     .config_2008_LAB06.O       code   0x002008    program   0x000002



                              Program Memory Usage 
                               Start         End      
                           ---------   ---------      
                            0x000000    0x0000b4      
                            0x002007    0x002008      
            183 out of 8455 program addresses used, program memory utilization is 2%



                              Symbols - Sorted by Name
                     Name    Address   Location    Storage File                     
                ---------  ---------  ---------  --------- ---------                
                   INICIO   0x000002    program     static C:\Users\Valenzuela\Documents\Sistemas_Digitales\Lab06Elquesies\lab06.asm
                     Pos0   0x000095    program     static C:\Users\Valenzuela\Documents\Sistemas_Digitales\Lab06Elquesies\lab06.asm
                   TABLA1   0x000010    program     static C:\Users\Valenzuela\Documents\Sistemas_Digitales\Lab06Elquesies\lab06.asm
                 TABLA1_2   0x00001d    program     static C:\Users\Valenzuela\Documents\Sistemas_Digitales\Lab06Elquesies\lab06.asm
                 TABLA2_1   0x00002a    program     static C:\Users\Valenzuela\Documents\Sistemas_Digitales\Lab06Elquesies\lab06.asm
                 TABLA2_2   0x000039    program     static C:\Users\Valenzuela\Documents\Sistemas_Digitales\Lab06Elquesies\lab06.asm
                 TABLA3_1   0x000048    program     static C:\Users\Valenzuela\Documents\Sistemas_Digitales\Lab06Elquesies\lab06.asm
                 TABLA3_2   0x000055    program     static C:\Users\Valenzuela\Documents\Sistemas_Digitales\Lab06Elquesies\lab06.asm
                 TABLA4_1   0x000062    program     static C:\Users\Valenzuela\Documents\Sistemas_Digitales\Lab06Elquesies\lab06.asm
                 TABLA4_2   0x000071    program     static C:\Users\Valenzuela\Documents\Sistemas_Digitales\Lab06Elquesies\lab06.asm
                  _espera   0x000085    program     static C:\Users\Valenzuela\Documents\Sistemas_Digitales\Lab06Elquesies\lab06.asm
                 _espera1   0x000082    program     static C:\Users\Valenzuela\Documents\Sistemas_Digitales\Lab06Elquesies\lab06.asm
                 _retardo   0x000080    program     static C:\Users\Valenzuela\Documents\Sistemas_Digitales\Lab06Elquesies\lab06.asm
                  limpiar   0x0000b3    program     static C:\Users\Valenzuela\Documents\Sistemas_Digitales\Lab06Elquesies\lab06.asm
               m1_derecha   0x00008b    program     static C:\Users\Valenzuela\Documents\Sistemas_Digitales\Lab06Elquesies\lab06.asm
             m1_izquierda   0x000099    program     static C:\Users\Valenzuela\Documents\Sistemas_Digitales\Lab06Elquesies\lab06.asm
               m2_derecha   0x00008a    program     static C:\Users\Valenzuela\Documents\Sistemas_Digitales\Lab06Elquesies\lab06.asm
             m2_izquierda   0x0000a3    program     static C:\Users\Valenzuela\Documents\Sistemas_Digitales\Lab06Elquesies\lab06.asm
                     main   0x0000ad    program     static C:\Users\Valenzuela\Documents\Sistemas_Digitales\Lab06Elquesies\lab06.asm



                              Symbols - Sorted by Address
                     Name    Address   Location    Storage File                     
                ---------  ---------  ---------  --------- ---------                
                   INICIO   0x000002    program     static C:\Users\Valenzuela\Documents\Sistemas_Digitales\Lab06Elquesies\lab06.asm
                   TABLA1   0x000010    program     static C:\Users\Valenzuela\Documents\Sistemas_Digitales\Lab06Elquesies\lab06.asm
                 TABLA1_2   0x00001d    program     static C:\Users\Valenzuela\Documents\Sistemas_Digitales\Lab06Elquesies\lab06.asm
                 TABLA2_1   0x00002a    program     static C:\Users\Valenzuela\Documents\Sistemas_Digitales\Lab06Elquesies\lab06.asm
                 TABLA2_2   0x000039    program     static C:\Users\Valenzuela\Documents\Sistemas_Digitales\Lab06Elquesies\lab06.asm
                 TABLA3_1   0x000048    program     static C:\Users\Valenzuela\Documents\Sistemas_Digitales\Lab06Elquesies\lab06.asm
                 TABLA3_2   0x000055    program     static C:\Users\Valenzuela\Documents\Sistemas_Digitales\Lab06Elquesies\lab06.asm
                 TABLA4_1   0x000062    program     static C:\Users\Valenzuela\Documents\Sistemas_Digitales\Lab06Elquesies\lab06.asm
                 TABLA4_2   0x000071    program     static C:\Users\Valenzuela\Documents\Sistemas_Digitales\Lab06Elquesies\lab06.asm
                 _retardo   0x000080    program     static C:\Users\Valenzuela\Documents\Sistemas_Digitales\Lab06Elquesies\lab06.asm
                 _espera1   0x000082    program     static C:\Users\Valenzuela\Documents\Sistemas_Digitales\Lab06Elquesies\lab06.asm
                  _espera   0x000085    program     static C:\Users\Valenzuela\Documents\Sistemas_Digitales\Lab06Elquesies\lab06.asm
               m2_derecha   0x00008a    program     static C:\Users\Valenzuela\Documents\Sistemas_Digitales\Lab06Elquesies\lab06.asm
               m1_derecha   0x00008b    program     static C:\Users\Valenzuela\Documents\Sistemas_Digitales\Lab06Elquesies\lab06.asm
                     Pos0   0x000095    program     static C:\Users\Valenzuela\Documents\Sistemas_Digitales\Lab06Elquesies\lab06.asm
             m1_izquierda   0x000099    program     static C:\Users\Valenzuela\Documents\Sistemas_Digitales\Lab06Elquesies\lab06.asm
             m2_izquierda   0x0000a3    program     static C:\Users\Valenzuela\Documents\Sistemas_Digitales\Lab06Elquesies\lab06.asm
                     main   0x0000ad    program     static C:\Users\Valenzuela\Documents\Sistemas_Digitales\Lab06Elquesies\lab06.asm
                  limpiar   0x0000b3    program     static C:\Users\Valenzuela\Documents\Sistemas_Digitales\Lab06Elquesies\lab06.asm


